// Jest Snapshot v1, https://goo.gl/fbAQLP

exports[`Should map render correctly 1`] = `
<section
  className="cities__map map"
/>
`;
