// Jest Snapshot v1, https://goo.gl/fbAQLP

exports[`App renders correctly 1`] = `
<p>
  Грузим предложения ...
</p>
`;
